// Jest Snapshot v1, https://goo.gl/fbAQLP

exports[`App render properly 1`] = `
<div>
  <div>
    <h2>
      Loot Check
    </h2>
  </div>
</div>
`;
